
--- Iterating scope /
PROP a, val-str "": NAME len:1 loc:2.1|2.1 [0x10|0x10], VAL not present, DEF loc:2.1|2.2 [0x10|0x11]
PROP b, val-str "abc": NAME len:1 loc:4.1|4.1 [0x2f|0x2f], VAL len:3 loc:4.5|4.7 [0x33|0x35], DEF loc:4.1|4.7 [0x2f|0x35]
PROP }'"{, val-str "1": NAME len:4 loc:7.1|7.8 [0x67|0x6e], VAL len:1 loc:7.12|7.12 [0x72|0x72], DEF loc:7.1|7.12 [0x67|0x72]
PROP ;"'#, val-str "2": NAME len:4 loc:8.1|8.6 [0x75|0x7a], VAL len:1 loc:8.10|8.10 [0x7e|0x7e], DEF loc:8.1|8.10 [0x75|0x7e]
SCOPE ': /, type "": NAME len:4 loc:11.1|11.6 [0x95|0x9a], TYPE not present, BODY loc 11.9|11.14 [0x9d|0xa2], ENC-BODY loc 11.8|11.15 [0x9c|0xa3], DEF loc 11.1|11.15 [0x95|0xa3]
SCOPE 1, type "scope": NAME len:1 loc:14.5|14.5 [0xb0|0xb0], TYPE len:5 loc:13.1|13.5 [0xa6|0xaa], BODY loc 16.5|25.5 [0xd1|0x1a3], ENC-BODY loc 14.7|26.1 [0xb2|0x1a5], DEF loc 13.1|26.1 [0xa6|0x1a5]
SCOPE 2, type "scope": NAME len:1 loc:30.7|30.7 [0x1b8|0x1b8], TYPE len:5 loc:30.1|30.5 [0x1b2|0x1b6], BODY loc 33.5|37.12 [0x1d5|0x20b], ENC-BODY loc 31.1|38.1 [0x1ba|0x20d], DEF loc 30.1|38.1 [0x1b2|0x20d]
SCOPE scope, type "": NAME len:5 loc:40.1|40.5 [0x210|0x214], TYPE not present, BODY loc 42.5|42.14 [0x23c|0x245], ENC-BODY loc 40.7|43.1 [0x216|0x247], DEF loc 40.1|43.1 [0x210|0x247]
SCOPE 1, type "": NAME len:1 loc:46.1|46.1 [0x261|0x261], TYPE not present, BODY loc 46.4|46.23 [0x264|0x277], ENC-BODY loc 46.2|46.24 [0x262|0x278], DEF loc 46.1|46.24 [0x261|0x278]
SCOPE 1, type "": NAME len:1 loc:48.1|48.1 [0x27b|0x27b], TYPE not present, BODY loc 49.5|55.2 [0x282|0x2f6], ENC-BODY loc 48.2|55.3 [0x27c|0x2f7], DEF loc 48.1|55.3 [0x27b|0x2f7]
SCOPE 1, type "": NAME len:1 loc:57.1|57.1 [0x2fa|0x2fa], TYPE not present, BODY loc 58.3|69.22 [0x2fe|0x37c], ENC-BODY loc 58.1|70.1 [0x2fc|0x37e], DEF loc 57.1|70.1 [0x2fa|0x37e]
SCOPE 3, type "scope": NAME len:1 loc:73.7|73.7 [0x3bf|0x3bf], TYPE len:5 loc:73.1|73.5 [0x3b9|0x3bd], BODY loc 74.2|75.4 [0x3c4|0x3ce], ENC-BODY loc 73.9|76.1 [0x3c1|0x3d0], DEF loc 73.1|76.1 [0x3b9|0x3d0]
SCOPE 3, type "scope": NAME len:1 loc:77.7|77.7 [0x3d8|0x3d8], TYPE len:5 loc:77.1|77.5 [0x3d2|0x3d6], BODY loc 77.10|77.18 [0x3db|0x3e3], ENC-BODY loc 77.9|77.19 [0x3da|0x3e4], DEF loc 77.1|77.19 [0x3d2|0x3e4]
PROP c, val-str "": NAME len:1 loc:84.1|84.1 [0x435|0x435], VAL not present, DEF loc:84.1|84.2 [0x435|0x436]


--- Iterating scope /:1
SCOPE 2, type "": NAME len:1 loc:46.4|46.4 [0x264|0x264], TYPE not present, BODY loc 46.6|46.22 [0x266|0x276], ENC-BODY loc 46.5|46.23 [0x265|0x277], DEF loc 46.4|46.23 [0x264|0x277]
SCOPE 2, type "": NAME len:1 loc:49.5|49.5 [0x282|0x282], TYPE not present, BODY loc 51.9|55.1 [0x292|0x2f5], ENC-BODY loc 50.5|55.2 [0x288|0x2f6], DEF loc 49.5|55.2 [0x282|0x2f6]
SCOPE 2, type "": NAME len:1 loc:58.3|58.3 [0x2fe|0x2fe], TYPE not present, BODY loc 60.3|68.10 [0x306|0x364], ENC-BODY loc 59.3|68.11 [0x302|0x365], DEF loc 58.3|68.11 [0x2fe|0x365]
SCOPE 2, type "": NAME len:1 loc:69.3|69.3 [0x369|0x369], TYPE not present, BODY loc 69.6|69.21 [0x36c|0x37b], ENC-BODY loc 69.5|69.22 [0x36b|0x37c], DEF loc 69.3|69.22 [0x369|0x37c]

--- Iterating scope /:1@0
SCOPE 2, type "": NAME len:1 loc:46.4|46.4 [0x264|0x264], TYPE not present, BODY loc 46.6|46.22 [0x266|0x276], ENC-BODY loc 46.5|46.23 [0x265|0x277], DEF loc 46.4|46.23 [0x264|0x277]

--- Iterating scope /:1@1
SCOPE 2, type "": NAME len:1 loc:49.5|49.5 [0x282|0x282], TYPE not present, BODY loc 51.9|55.1 [0x292|0x2f5], ENC-BODY loc 50.5|55.2 [0x288|0x2f6], DEF loc 49.5|55.2 [0x282|0x2f6]

--- Iterating scope /:1@2
SCOPE 2, type "": NAME len:1 loc:58.3|58.3 [0x2fe|0x2fe], TYPE not present, BODY loc 60.3|68.10 [0x306|0x364], ENC-BODY loc 59.3|68.11 [0x302|0x365], DEF loc 58.3|68.11 [0x2fe|0x365]
SCOPE 2, type "": NAME len:1 loc:69.3|69.3 [0x369|0x369], TYPE not present, BODY loc 69.6|69.21 [0x36c|0x37b], ENC-BODY loc 69.5|69.22 [0x36b|0x37c], DEF loc 69.3|69.22 [0x369|0x37c]

--- Iterating scope /:1@$
SCOPE 2, type "": NAME len:1 loc:58.3|58.3 [0x2fe|0x2fe], TYPE not present, BODY loc 60.3|68.10 [0x306|0x364], ENC-BODY loc 59.3|68.11 [0x302|0x365], DEF loc 58.3|68.11 [0x2fe|0x365]
SCOPE 2, type "": NAME len:1 loc:69.3|69.3 [0x369|0x369], TYPE not present, BODY loc 69.6|69.21 [0x36c|0x37b], ENC-BODY loc 69.5|69.22 [0x36b|0x37c], DEF loc 69.3|69.22 [0x369|0x37c]


--- Iterating scope /:1/:2
SCOPE 3, type "": NAME len:1 loc:46.6|46.6 [0x266|0x266], TYPE not present, BODY loc 46.8|46.21 [0x268|0x275], ENC-BODY loc 46.7|46.22 [0x267|0x276], DEF loc 46.6|46.22 [0x266|0x276]
SCOPE 3, type "": NAME len:1 loc:51.9|51.9 [0x292|0x292], TYPE not present, BODY loc 53.13|53.35 [0x2c8|0x2de], ENC-BODY loc 51.10|55.1 [0x293|0x2f5], DEF loc 51.9|55.1 [0x292|0x2f5]
SCOPE 3, type "": NAME len:1 loc:60.3|60.3 [0x306|0x306], TYPE not present, BODY loc 62.4|67.13 [0x328|0x358], ENC-BODY loc 62.3|67.14 [0x327|0x359], DEF loc 60.3|67.14 [0x306|0x359]
SCOPE 3, type "": NAME len:1 loc:68.3|68.3 [0x35d|0x35d], TYPE not present, BODY loc 68.6|68.9 [0x360|0x363], ENC-BODY loc 68.5|68.10 [0x35f|0x364], DEF loc 68.3|68.10 [0x35d|0x364]
SCOPE 3, type "": NAME len:1 loc:69.6|69.6 [0x36c|0x36c], TYPE not present, BODY loc 69.9|69.12 [0x36f|0x372], ENC-BODY loc 69.8|69.13 [0x36e|0x373], DEF loc 69.6|69.13 [0x36c|0x373]
SCOPE 3, type "": NAME len:1 loc:69.15|69.15 [0x375|0x375], TYPE not present, BODY loc 69.17|69.20 [0x377|0x37a], ENC-BODY loc 69.16|69.21 [0x376|0x37b], DEF loc 69.15|69.21 [0x375|0x37b]

--- Iterating scope /:1/:2@0
SCOPE 3, type "": NAME len:1 loc:46.6|46.6 [0x266|0x266], TYPE not present, BODY loc 46.8|46.21 [0x268|0x275], ENC-BODY loc 46.7|46.22 [0x267|0x276], DEF loc 46.6|46.22 [0x266|0x276]

--- Iterating scope /:1/:2@1
SCOPE 3, type "": NAME len:1 loc:51.9|51.9 [0x292|0x292], TYPE not present, BODY loc 53.13|53.35 [0x2c8|0x2de], ENC-BODY loc 51.10|55.1 [0x293|0x2f5], DEF loc 51.9|55.1 [0x292|0x2f5]

--- Iterating scope /:1/:2@2
SCOPE 3, type "": NAME len:1 loc:60.3|60.3 [0x306|0x306], TYPE not present, BODY loc 62.4|67.13 [0x328|0x358], ENC-BODY loc 62.3|67.14 [0x327|0x359], DEF loc 60.3|67.14 [0x306|0x359]
SCOPE 3, type "": NAME len:1 loc:68.3|68.3 [0x35d|0x35d], TYPE not present, BODY loc 68.6|68.9 [0x360|0x363], ENC-BODY loc 68.5|68.10 [0x35f|0x364], DEF loc 68.3|68.10 [0x35d|0x364]

--- Iterating scope /:1/:2@3
SCOPE 3, type "": NAME len:1 loc:69.6|69.6 [0x36c|0x36c], TYPE not present, BODY loc 69.9|69.12 [0x36f|0x372], ENC-BODY loc 69.8|69.13 [0x36e|0x373], DEF loc 69.6|69.13 [0x36c|0x373]
SCOPE 3, type "": NAME len:1 loc:69.15|69.15 [0x375|0x375], TYPE not present, BODY loc 69.17|69.20 [0x377|0x37a], ENC-BODY loc 69.16|69.21 [0x376|0x37b], DEF loc 69.15|69.21 [0x375|0x37b]

--- Iterating scope /:1/:2@$
SCOPE 3, type "": NAME len:1 loc:69.6|69.6 [0x36c|0x36c], TYPE not present, BODY loc 69.9|69.12 [0x36f|0x372], ENC-BODY loc 69.8|69.13 [0x36e|0x373], DEF loc 69.6|69.13 [0x36c|0x373]
SCOPE 3, type "": NAME len:1 loc:69.15|69.15 [0x375|0x375], TYPE not present, BODY loc 69.17|69.20 [0x377|0x37a], ENC-BODY loc 69.16|69.21 [0x376|0x37b], DEF loc 69.15|69.21 [0x375|0x37b]


--- Iterating scope /:1/:2/:3
PROP a, val-str "	a	b	c
": NAME len:1 loc:46.8|46.8 [0x268|0x268], VAL len:7 loc:46.10|46.20 [0x26a|0x274], DEF loc:46.8|46.21 [0x268|0x275]
PROP b, val-str ""123\;\n": NAME len:1 loc:53.13|53.13 [0x2c8|0x2c8], VAL len:8 loc:53.15|53.35 [0x2ca|0x2de], DEF loc:53.13|53.35 [0x2c8|0x2de]
PROP c, val-str "true": NAME len:1 loc:62.4|62.4 [0x328|0x328], VAL len:4 loc:62.7|62.10 [0x32b|0x32e], DEF loc:62.4|62.10 [0x328|0x32e]
PROP d, val-str "a b \": NAME len:1 loc:63.3|63.3 [0x333|0x333], VAL len:5 loc:63.6|65.4 [0x336|0x33f], DEF loc:63.3|65.4 [0x333|0x33f]
SCOPE xyz, type "scope": NAME len:3 loc:67.9|67.11 [0x354|0x356], TYPE len:5 loc:67.3|67.7 [0x34e|0x352], BODY empty, ENC-BODY loc 67.12|67.13 [0x357|0x358], DEF loc 67.3|67.13 [0x34e|0x358]
PROP e, val-str "x": NAME len:1 loc:68.6|68.6 [0x360|0x360], VAL len:1 loc:68.8|68.8 [0x362|0x362], DEF loc:68.6|68.9 [0x360|0x363]
PROP f, val-str "y": NAME len:1 loc:69.9|69.9 [0x36f|0x36f], VAL len:1 loc:69.11|69.11 [0x371|0x371], DEF loc:69.9|69.12 [0x36f|0x372]
PROP g, val-str "z": NAME len:1 loc:69.17|69.17 [0x377|0x377], VAL len:1 loc:69.19|69.19 [0x379|0x379], DEF loc:69.17|69.20 [0x377|0x37a]

--- Iterating scope /:1/:2/:3@0
PROP a, val-str "	a	b	c
": NAME len:1 loc:46.8|46.8 [0x268|0x268], VAL len:7 loc:46.10|46.20 [0x26a|0x274], DEF loc:46.8|46.21 [0x268|0x275]

--- Iterating scope /:1/:2/:3@1
PROP b, val-str ""123\;\n": NAME len:1 loc:53.13|53.13 [0x2c8|0x2c8], VAL len:8 loc:53.15|53.35 [0x2ca|0x2de], DEF loc:53.13|53.35 [0x2c8|0x2de]

--- Iterating scope /:1/:2/:3@2
PROP c, val-str "true": NAME len:1 loc:62.4|62.4 [0x328|0x328], VAL len:4 loc:62.7|62.10 [0x32b|0x32e], DEF loc:62.4|62.10 [0x328|0x32e]
PROP d, val-str "a b \": NAME len:1 loc:63.3|63.3 [0x333|0x333], VAL len:5 loc:63.6|65.4 [0x336|0x33f], DEF loc:63.3|65.4 [0x333|0x33f]
SCOPE xyz, type "scope": NAME len:3 loc:67.9|67.11 [0x354|0x356], TYPE len:5 loc:67.3|67.7 [0x34e|0x352], BODY empty, ENC-BODY loc 67.12|67.13 [0x357|0x358], DEF loc 67.3|67.13 [0x34e|0x358]

--- Iterating scope /:1/:2/:3@3
PROP e, val-str "x": NAME len:1 loc:68.6|68.6 [0x360|0x360], VAL len:1 loc:68.8|68.8 [0x362|0x362], DEF loc:68.6|68.9 [0x360|0x363]

--- Iterating scope /:1/:2/:3@4
PROP f, val-str "y": NAME len:1 loc:69.9|69.9 [0x36f|0x36f], VAL len:1 loc:69.11|69.11 [0x371|0x371], DEF loc:69.9|69.12 [0x36f|0x372]

--- Iterating scope /:1/:2/:3@5
PROP g, val-str "z": NAME len:1 loc:69.17|69.17 [0x377|0x377], VAL len:1 loc:69.19|69.19 [0x379|0x379], DEF loc:69.17|69.20 [0x377|0x37a]

--- Iterating scope /:1/:2/:3@$
PROP g, val-str "z": NAME len:1 loc:69.17|69.17 [0x377|0x377], VAL len:1 loc:69.19|69.19 [0x379|0x379], DEF loc:69.17|69.20 [0x377|0x37a]


--- Iterating scope /:1@2/:2/:3
PROP c, val-str "true": NAME len:1 loc:62.4|62.4 [0x328|0x328], VAL len:4 loc:62.7|62.10 [0x32b|0x32e], DEF loc:62.4|62.10 [0x328|0x32e]
PROP d, val-str "a b \": NAME len:1 loc:63.3|63.3 [0x333|0x333], VAL len:5 loc:63.6|65.4 [0x336|0x33f], DEF loc:63.3|65.4 [0x333|0x33f]
SCOPE xyz, type "scope": NAME len:3 loc:67.9|67.11 [0x354|0x356], TYPE len:5 loc:67.3|67.7 [0x34e|0x352], BODY empty, ENC-BODY loc 67.12|67.13 [0x357|0x358], DEF loc 67.3|67.13 [0x34e|0x358]
PROP e, val-str "x": NAME len:1 loc:68.6|68.6 [0x360|0x360], VAL len:1 loc:68.8|68.8 [0x362|0x362], DEF loc:68.6|68.9 [0x360|0x363]
PROP f, val-str "y": NAME len:1 loc:69.9|69.9 [0x36f|0x36f], VAL len:1 loc:69.11|69.11 [0x371|0x371], DEF loc:69.9|69.12 [0x36f|0x372]
PROP g, val-str "z": NAME len:1 loc:69.17|69.17 [0x377|0x377], VAL len:1 loc:69.19|69.19 [0x379|0x379], DEF loc:69.17|69.20 [0x377|0x37a]

--- Iterating scope /:1@2/:2@0/:3
PROP c, val-str "true": NAME len:1 loc:62.4|62.4 [0x328|0x328], VAL len:4 loc:62.7|62.10 [0x32b|0x32e], DEF loc:62.4|62.10 [0x328|0x32e]
PROP d, val-str "a b \": NAME len:1 loc:63.3|63.3 [0x333|0x333], VAL len:5 loc:63.6|65.4 [0x336|0x33f], DEF loc:63.3|65.4 [0x333|0x33f]
SCOPE xyz, type "scope": NAME len:3 loc:67.9|67.11 [0x354|0x356], TYPE len:5 loc:67.3|67.7 [0x34e|0x352], BODY empty, ENC-BODY loc 67.12|67.13 [0x357|0x358], DEF loc 67.3|67.13 [0x34e|0x358]
PROP e, val-str "x": NAME len:1 loc:68.6|68.6 [0x360|0x360], VAL len:1 loc:68.8|68.8 [0x362|0x362], DEF loc:68.6|68.9 [0x360|0x363]

--- Iterating scope /:1@2/:2@1/:3
PROP f, val-str "y": NAME len:1 loc:69.9|69.9 [0x36f|0x36f], VAL len:1 loc:69.11|69.11 [0x371|0x371], DEF loc:69.9|69.12 [0x36f|0x372]
PROP g, val-str "z": NAME len:1 loc:69.17|69.17 [0x377|0x377], VAL len:1 loc:69.19|69.19 [0x379|0x379], DEF loc:69.17|69.20 [0x377|0x37a]


--- Iterating scope /:1@$/:2@$/:3
PROP f, val-str "y": NAME len:1 loc:69.9|69.9 [0x36f|0x36f], VAL len:1 loc:69.11|69.11 [0x371|0x371], DEF loc:69.9|69.12 [0x36f|0x372]
PROP g, val-str "z": NAME len:1 loc:69.17|69.17 [0x377|0x377], VAL len:1 loc:69.19|69.19 [0x379|0x379], DEF loc:69.17|69.20 [0x377|0x37a]

--- Iterating scope /:1@$/:2@$/:3@0
PROP f, val-str "y": NAME len:1 loc:69.9|69.9 [0x36f|0x36f], VAL len:1 loc:69.11|69.11 [0x371|0x371], DEF loc:69.9|69.12 [0x36f|0x372]

--- Iterating scope /:1@$/:2@$/:3@1
PROP g, val-str "z": NAME len:1 loc:69.17|69.17 [0x377|0x377], VAL len:1 loc:69.19|69.19 [0x379|0x379], DEF loc:69.17|69.20 [0x377|0x37a]

--- Iterating scope /:1@$/:2@$/:3@$
PROP g, val-str "z": NAME len:1 loc:69.17|69.17 [0x377|0x377], VAL len:1 loc:69.19|69.19 [0x379|0x379], DEF loc:69.17|69.20 [0x377|0x37a]
