
--- Iterating scope /
PROP a, val-str "": NAME len:1 loc:2.1|2.1 [0x11|0x11], VAL not present, DEF loc:2.1|2.2 [0x11|0x12]
PROP b, val-str "abc": NAME len:1 loc:4.1|4.1 [0x32|0x32], VAL len:3 loc:4.5|4.7 [0x36|0x38], DEF loc:4.1|4.7 [0x32|0x38]
PROP }'"{, val-str "1": NAME len:4 loc:7.1|7.8 [0x6d|0x74], VAL len:1 loc:7.12|7.12 [0x78|0x78], DEF loc:7.1|7.12 [0x6d|0x78]
PROP ;"'#, val-str "2": NAME len:4 loc:8.1|8.6 [0x7c|0x81], VAL len:1 loc:8.10|8.10 [0x85|0x85], DEF loc:8.1|8.10 [0x7c|0x85]
SCOPE ': /, type "": NAME len:4 loc:11.1|11.6 [0x9f|0xa4], TYPE not present, BODY loc 11.9|11.14 [0xa7|0xac], ENC-BODY loc 11.8|11.15 [0xa6|0xad], DEF loc 11.1|11.15 [0x9f|0xad]
SCOPE 1, type "scope": NAME len:1 loc:14.5|14.5 [0xbd|0xbd], TYPE len:5 loc:13.1|13.5 [0xb2|0xb6], BODY loc 16.5|25.5 [0xe0|0x1bb], ENC-BODY loc 14.7|26.1 [0xbf|0x1be], DEF loc 13.1|26.1 [0xb2|0x1be]
SCOPE 2, type "scope": NAME len:1 loc:30.7|30.7 [0x1d5|0x1d5], TYPE len:5 loc:30.1|30.5 [0x1cf|0x1d3], BODY loc 33.5|38.5 [0x1f5|0x237], ENC-BODY loc 31.1|39.1 [0x1d8|0x23a], DEF loc 30.1|39.1 [0x1cf|0x23a]
SCOPE scope, type "": NAME len:5 loc:41.1|41.5 [0x23f|0x243], TYPE not present, BODY loc 43.5|43.14 [0x26d|0x276], ENC-BODY loc 41.7|44.1 [0x245|0x279], DEF loc 41.1|44.1 [0x23f|0x279]
SCOPE 1, type "": NAME len:1 loc:47.1|47.1 [0x296|0x296], TYPE not present, BODY loc 47.4|47.23 [0x299|0x2ac], ENC-BODY loc 47.2|47.24 [0x297|0x2ad], DEF loc 47.1|47.24 [0x296|0x2ad]
SCOPE 1, type "": NAME len:1 loc:49.1|49.1 [0x2b2|0x2b2], TYPE not present, BODY loc 50.5|56.2 [0x2ba|0x334], ENC-BODY loc 49.2|56.3 [0x2b3|0x335], DEF loc 49.1|56.3 [0x2b2|0x335]
SCOPE 1, type "": NAME len:1 loc:58.1|58.1 [0x33a|0x33a], TYPE not present, BODY loc 59.3|70.22 [0x33f|0x3c8], ENC-BODY loc 59.1|71.1 [0x33d|0x3cb], DEF loc 58.1|71.1 [0x33a|0x3cb]
SCOPE 3, type "scope": NAME len:1 loc:74.7|74.7 [0x40f|0x40f], TYPE len:5 loc:74.1|74.5 [0x409|0x40d], BODY loc 75.2|76.4 [0x415|0x420], ENC-BODY loc 74.9|77.1 [0x411|0x423], DEF loc 74.1|77.1 [0x409|0x423]
SCOPE 3, type "scope": NAME len:1 loc:78.7|78.7 [0x42c|0x42c], TYPE len:5 loc:78.1|78.5 [0x426|0x42a], BODY loc 78.10|78.18 [0x42f|0x437], ENC-BODY loc 78.9|78.19 [0x42e|0x438], DEF loc 78.1|78.19 [0x426|0x438]
PROP c, val-str "": NAME len:1 loc:85.1|85.1 [0x490|0x490], VAL not present, DEF loc:85.1|85.2 [0x490|0x491]


--- Iterating scope /:1
SCOPE 2, type "": NAME len:1 loc:47.4|47.4 [0x299|0x299], TYPE not present, BODY loc 47.6|47.22 [0x29b|0x2ab], ENC-BODY loc 47.5|47.23 [0x29a|0x2ac], DEF loc 47.4|47.23 [0x299|0x2ac]
SCOPE 2, type "": NAME len:1 loc:50.5|50.5 [0x2ba|0x2ba], TYPE not present, BODY loc 52.9|56.1 [0x2cc|0x333], ENC-BODY loc 51.5|56.2 [0x2c1|0x334], DEF loc 50.5|56.2 [0x2ba|0x334]
SCOPE 2, type "": NAME len:1 loc:59.3|59.3 [0x33f|0x33f], TYPE not present, BODY loc 61.3|69.10 [0x349|0x3af], ENC-BODY loc 60.3|69.11 [0x344|0x3b0], DEF loc 59.3|69.11 [0x33f|0x3b0]
SCOPE 2, type "": NAME len:1 loc:70.3|70.3 [0x3b5|0x3b5], TYPE not present, BODY loc 70.6|70.21 [0x3b8|0x3c7], ENC-BODY loc 70.5|70.22 [0x3b7|0x3c8], DEF loc 70.3|70.22 [0x3b5|0x3c8]

--- Iterating scope /:1@0
SCOPE 2, type "": NAME len:1 loc:47.4|47.4 [0x299|0x299], TYPE not present, BODY loc 47.6|47.22 [0x29b|0x2ab], ENC-BODY loc 47.5|47.23 [0x29a|0x2ac], DEF loc 47.4|47.23 [0x299|0x2ac]

--- Iterating scope /:1@1
SCOPE 2, type "": NAME len:1 loc:50.5|50.5 [0x2ba|0x2ba], TYPE not present, BODY loc 52.9|56.1 [0x2cc|0x333], ENC-BODY loc 51.5|56.2 [0x2c1|0x334], DEF loc 50.5|56.2 [0x2ba|0x334]

--- Iterating scope /:1@2
SCOPE 2, type "": NAME len:1 loc:59.3|59.3 [0x33f|0x33f], TYPE not present, BODY loc 61.3|69.10 [0x349|0x3af], ENC-BODY loc 60.3|69.11 [0x344|0x3b0], DEF loc 59.3|69.11 [0x33f|0x3b0]
SCOPE 2, type "": NAME len:1 loc:70.3|70.3 [0x3b5|0x3b5], TYPE not present, BODY loc 70.6|70.21 [0x3b8|0x3c7], ENC-BODY loc 70.5|70.22 [0x3b7|0x3c8], DEF loc 70.3|70.22 [0x3b5|0x3c8]

--- Iterating scope /:1@$
SCOPE 2, type "": NAME len:1 loc:59.3|59.3 [0x33f|0x33f], TYPE not present, BODY loc 61.3|69.10 [0x349|0x3af], ENC-BODY loc 60.3|69.11 [0x344|0x3b0], DEF loc 59.3|69.11 [0x33f|0x3b0]
SCOPE 2, type "": NAME len:1 loc:70.3|70.3 [0x3b5|0x3b5], TYPE not present, BODY loc 70.6|70.21 [0x3b8|0x3c7], ENC-BODY loc 70.5|70.22 [0x3b7|0x3c8], DEF loc 70.3|70.22 [0x3b5|0x3c8]


--- Iterating scope /:1/:2
SCOPE 3, type "": NAME len:1 loc:47.6|47.6 [0x29b|0x29b], TYPE not present, BODY loc 47.8|47.21 [0x29d|0x2aa], ENC-BODY loc 47.7|47.22 [0x29c|0x2ab], DEF loc 47.6|47.22 [0x29b|0x2ab]
SCOPE 3, type "": NAME len:1 loc:52.9|52.9 [0x2cc|0x2cc], TYPE not present, BODY loc 54.13|54.35 [0x304|0x31a], ENC-BODY loc 52.10|56.1 [0x2cd|0x333], DEF loc 52.9|56.1 [0x2cc|0x333]
SCOPE 3, type "": NAME len:1 loc:61.3|61.3 [0x349|0x349], TYPE not present, BODY loc 63.4|68.13 [0x36d|0x3a2], ENC-BODY loc 63.3|68.14 [0x36c|0x3a3], DEF loc 61.3|68.14 [0x349|0x3a3]
SCOPE 3, type "": NAME len:1 loc:69.3|69.3 [0x3a8|0x3a8], TYPE not present, BODY loc 69.6|69.9 [0x3ab|0x3ae], ENC-BODY loc 69.5|69.10 [0x3aa|0x3af], DEF loc 69.3|69.10 [0x3a8|0x3af]
SCOPE 3, type "": NAME len:1 loc:70.6|70.6 [0x3b8|0x3b8], TYPE not present, BODY loc 70.9|70.12 [0x3bb|0x3be], ENC-BODY loc 70.8|70.13 [0x3ba|0x3bf], DEF loc 70.6|70.13 [0x3b8|0x3bf]
SCOPE 3, type "": NAME len:1 loc:70.15|70.15 [0x3c1|0x3c1], TYPE not present, BODY loc 70.17|70.20 [0x3c3|0x3c6], ENC-BODY loc 70.16|70.21 [0x3c2|0x3c7], DEF loc 70.15|70.21 [0x3c1|0x3c7]

--- Iterating scope /:1/:2@0
SCOPE 3, type "": NAME len:1 loc:47.6|47.6 [0x29b|0x29b], TYPE not present, BODY loc 47.8|47.21 [0x29d|0x2aa], ENC-BODY loc 47.7|47.22 [0x29c|0x2ab], DEF loc 47.6|47.22 [0x29b|0x2ab]

--- Iterating scope /:1/:2@1
SCOPE 3, type "": NAME len:1 loc:52.9|52.9 [0x2cc|0x2cc], TYPE not present, BODY loc 54.13|54.35 [0x304|0x31a], ENC-BODY loc 52.10|56.1 [0x2cd|0x333], DEF loc 52.9|56.1 [0x2cc|0x333]

--- Iterating scope /:1/:2@2
SCOPE 3, type "": NAME len:1 loc:61.3|61.3 [0x349|0x349], TYPE not present, BODY loc 63.4|68.13 [0x36d|0x3a2], ENC-BODY loc 63.3|68.14 [0x36c|0x3a3], DEF loc 61.3|68.14 [0x349|0x3a3]
SCOPE 3, type "": NAME len:1 loc:69.3|69.3 [0x3a8|0x3a8], TYPE not present, BODY loc 69.6|69.9 [0x3ab|0x3ae], ENC-BODY loc 69.5|69.10 [0x3aa|0x3af], DEF loc 69.3|69.10 [0x3a8|0x3af]

--- Iterating scope /:1/:2@3
SCOPE 3, type "": NAME len:1 loc:70.6|70.6 [0x3b8|0x3b8], TYPE not present, BODY loc 70.9|70.12 [0x3bb|0x3be], ENC-BODY loc 70.8|70.13 [0x3ba|0x3bf], DEF loc 70.6|70.13 [0x3b8|0x3bf]
SCOPE 3, type "": NAME len:1 loc:70.15|70.15 [0x3c1|0x3c1], TYPE not present, BODY loc 70.17|70.20 [0x3c3|0x3c6], ENC-BODY loc 70.16|70.21 [0x3c2|0x3c7], DEF loc 70.15|70.21 [0x3c1|0x3c7]

--- Iterating scope /:1/:2@$
SCOPE 3, type "": NAME len:1 loc:70.6|70.6 [0x3b8|0x3b8], TYPE not present, BODY loc 70.9|70.12 [0x3bb|0x3be], ENC-BODY loc 70.8|70.13 [0x3ba|0x3bf], DEF loc 70.6|70.13 [0x3b8|0x3bf]
SCOPE 3, type "": NAME len:1 loc:70.15|70.15 [0x3c1|0x3c1], TYPE not present, BODY loc 70.17|70.20 [0x3c3|0x3c6], ENC-BODY loc 70.16|70.21 [0x3c2|0x3c7], DEF loc 70.15|70.21 [0x3c1|0x3c7]


--- Iterating scope /:1/:2/:3
PROP a, val-str "	a	b	c
": NAME len:1 loc:47.8|47.8 [0x29d|0x29d], VAL len:7 loc:47.10|47.20 [0x29f|0x2a9], DEF loc:47.8|47.21 [0x29d|0x2aa]
PROP b, val-str ""123\;\n": NAME len:1 loc:54.13|54.13 [0x304|0x304], VAL len:8 loc:54.15|54.35 [0x306|0x31a], DEF loc:54.13|54.35 [0x304|0x31a]
PROP c, val-str "true": NAME len:1 loc:63.4|63.4 [0x36d|0x36d], VAL len:4 loc:63.7|63.10 [0x370|0x373], DEF loc:63.4|63.10 [0x36d|0x373]
PROP d, val-str "a b \": NAME len:1 loc:64.3|64.3 [0x379|0x379], VAL len:5 loc:64.6|66.4 [0x37c|0x387], DEF loc:64.3|66.4 [0x379|0x387]
SCOPE xyz, type "scope": NAME len:3 loc:68.9|68.11 [0x39e|0x3a0], TYPE len:5 loc:68.3|68.7 [0x398|0x39c], BODY empty, ENC-BODY loc 68.12|68.13 [0x3a1|0x3a2], DEF loc 68.3|68.13 [0x398|0x3a2]
PROP e, val-str "x": NAME len:1 loc:69.6|69.6 [0x3ab|0x3ab], VAL len:1 loc:69.8|69.8 [0x3ad|0x3ad], DEF loc:69.6|69.9 [0x3ab|0x3ae]
PROP f, val-str "y": NAME len:1 loc:70.9|70.9 [0x3bb|0x3bb], VAL len:1 loc:70.11|70.11 [0x3bd|0x3bd], DEF loc:70.9|70.12 [0x3bb|0x3be]
PROP g, val-str "z": NAME len:1 loc:70.17|70.17 [0x3c3|0x3c3], VAL len:1 loc:70.19|70.19 [0x3c5|0x3c5], DEF loc:70.17|70.20 [0x3c3|0x3c6]

--- Iterating scope /:1/:2/:3@0
PROP a, val-str "	a	b	c
": NAME len:1 loc:47.8|47.8 [0x29d|0x29d], VAL len:7 loc:47.10|47.20 [0x29f|0x2a9], DEF loc:47.8|47.21 [0x29d|0x2aa]

--- Iterating scope /:1/:2/:3@1
PROP b, val-str ""123\;\n": NAME len:1 loc:54.13|54.13 [0x304|0x304], VAL len:8 loc:54.15|54.35 [0x306|0x31a], DEF loc:54.13|54.35 [0x304|0x31a]

--- Iterating scope /:1/:2/:3@2
PROP c, val-str "true": NAME len:1 loc:63.4|63.4 [0x36d|0x36d], VAL len:4 loc:63.7|63.10 [0x370|0x373], DEF loc:63.4|63.10 [0x36d|0x373]
PROP d, val-str "a b \": NAME len:1 loc:64.3|64.3 [0x379|0x379], VAL len:5 loc:64.6|66.4 [0x37c|0x387], DEF loc:64.3|66.4 [0x379|0x387]
SCOPE xyz, type "scope": NAME len:3 loc:68.9|68.11 [0x39e|0x3a0], TYPE len:5 loc:68.3|68.7 [0x398|0x39c], BODY empty, ENC-BODY loc 68.12|68.13 [0x3a1|0x3a2], DEF loc 68.3|68.13 [0x398|0x3a2]

--- Iterating scope /:1/:2/:3@3
PROP e, val-str "x": NAME len:1 loc:69.6|69.6 [0x3ab|0x3ab], VAL len:1 loc:69.8|69.8 [0x3ad|0x3ad], DEF loc:69.6|69.9 [0x3ab|0x3ae]

--- Iterating scope /:1/:2/:3@4
PROP f, val-str "y": NAME len:1 loc:70.9|70.9 [0x3bb|0x3bb], VAL len:1 loc:70.11|70.11 [0x3bd|0x3bd], DEF loc:70.9|70.12 [0x3bb|0x3be]

--- Iterating scope /:1/:2/:3@5
PROP g, val-str "z": NAME len:1 loc:70.17|70.17 [0x3c3|0x3c3], VAL len:1 loc:70.19|70.19 [0x3c5|0x3c5], DEF loc:70.17|70.20 [0x3c3|0x3c6]

--- Iterating scope /:1/:2/:3@$
PROP g, val-str "z": NAME len:1 loc:70.17|70.17 [0x3c3|0x3c3], VAL len:1 loc:70.19|70.19 [0x3c5|0x3c5], DEF loc:70.17|70.20 [0x3c3|0x3c6]


--- Iterating scope /:1@2/:2/:3
PROP c, val-str "true": NAME len:1 loc:63.4|63.4 [0x36d|0x36d], VAL len:4 loc:63.7|63.10 [0x370|0x373], DEF loc:63.4|63.10 [0x36d|0x373]
PROP d, val-str "a b \": NAME len:1 loc:64.3|64.3 [0x379|0x379], VAL len:5 loc:64.6|66.4 [0x37c|0x387], DEF loc:64.3|66.4 [0x379|0x387]
SCOPE xyz, type "scope": NAME len:3 loc:68.9|68.11 [0x39e|0x3a0], TYPE len:5 loc:68.3|68.7 [0x398|0x39c], BODY empty, ENC-BODY loc 68.12|68.13 [0x3a1|0x3a2], DEF loc 68.3|68.13 [0x398|0x3a2]
PROP e, val-str "x": NAME len:1 loc:69.6|69.6 [0x3ab|0x3ab], VAL len:1 loc:69.8|69.8 [0x3ad|0x3ad], DEF loc:69.6|69.9 [0x3ab|0x3ae]
PROP f, val-str "y": NAME len:1 loc:70.9|70.9 [0x3bb|0x3bb], VAL len:1 loc:70.11|70.11 [0x3bd|0x3bd], DEF loc:70.9|70.12 [0x3bb|0x3be]
PROP g, val-str "z": NAME len:1 loc:70.17|70.17 [0x3c3|0x3c3], VAL len:1 loc:70.19|70.19 [0x3c5|0x3c5], DEF loc:70.17|70.20 [0x3c3|0x3c6]

--- Iterating scope /:1@2/:2@0/:3
PROP c, val-str "true": NAME len:1 loc:63.4|63.4 [0x36d|0x36d], VAL len:4 loc:63.7|63.10 [0x370|0x373], DEF loc:63.4|63.10 [0x36d|0x373]
PROP d, val-str "a b \": NAME len:1 loc:64.3|64.3 [0x379|0x379], VAL len:5 loc:64.6|66.4 [0x37c|0x387], DEF loc:64.3|66.4 [0x379|0x387]
SCOPE xyz, type "scope": NAME len:3 loc:68.9|68.11 [0x39e|0x3a0], TYPE len:5 loc:68.3|68.7 [0x398|0x39c], BODY empty, ENC-BODY loc 68.12|68.13 [0x3a1|0x3a2], DEF loc 68.3|68.13 [0x398|0x3a2]
PROP e, val-str "x": NAME len:1 loc:69.6|69.6 [0x3ab|0x3ab], VAL len:1 loc:69.8|69.8 [0x3ad|0x3ad], DEF loc:69.6|69.9 [0x3ab|0x3ae]

--- Iterating scope /:1@2/:2@1/:3
PROP f, val-str "y": NAME len:1 loc:70.9|70.9 [0x3bb|0x3bb], VAL len:1 loc:70.11|70.11 [0x3bd|0x3bd], DEF loc:70.9|70.12 [0x3bb|0x3be]
PROP g, val-str "z": NAME len:1 loc:70.17|70.17 [0x3c3|0x3c3], VAL len:1 loc:70.19|70.19 [0x3c5|0x3c5], DEF loc:70.17|70.20 [0x3c3|0x3c6]


--- Iterating scope /:1@$/:2@$/:3
PROP f, val-str "y": NAME len:1 loc:70.9|70.9 [0x3bb|0x3bb], VAL len:1 loc:70.11|70.11 [0x3bd|0x3bd], DEF loc:70.9|70.12 [0x3bb|0x3be]
PROP g, val-str "z": NAME len:1 loc:70.17|70.17 [0x3c3|0x3c3], VAL len:1 loc:70.19|70.19 [0x3c5|0x3c5], DEF loc:70.17|70.20 [0x3c3|0x3c6]

--- Iterating scope /:1@$/:2@$/:3@0
PROP f, val-str "y": NAME len:1 loc:70.9|70.9 [0x3bb|0x3bb], VAL len:1 loc:70.11|70.11 [0x3bd|0x3bd], DEF loc:70.9|70.12 [0x3bb|0x3be]

--- Iterating scope /:1@$/:2@$/:3@1
PROP g, val-str "z": NAME len:1 loc:70.17|70.17 [0x3c3|0x3c3], VAL len:1 loc:70.19|70.19 [0x3c5|0x3c5], DEF loc:70.17|70.20 [0x3c3|0x3c6]

--- Iterating scope /:1@$/:2@$/:3@$
PROP g, val-str "z": NAME len:1 loc:70.17|70.17 [0x3c3|0x3c3], VAL len:1 loc:70.19|70.19 [0x3c5|0x3c5], DEF loc:70.17|70.20 [0x3c3|0x3c6]
